// Jest Snapshot v1, https://goo.gl/fbAQLP

exports[`builds archer great items can destroy 28's 1`] = `
{
  "constitution": 5005,
  "dexterity": 579289,
  "intelligence": 5005,
  "luck": 5005,
  "strength": 5005,
  "willpower": 5005,
  "wisdom": 5005,
}
`;

exports[`builds archer normal items can kill level 5 mobs 1`] = `
{
  "constitution": 8,
  "dexterity": 420,
  "intelligence": 8,
  "luck": 8,
  "strength": 8,
  "willpower": 8,
  "wisdom": 8,
}
`;

exports[`builds archer trash items can kill level 1 mobs 1`] = `
{
  "constitution": 5,
  "dexterity": 10,
  "intelligence": 5,
  "luck": 5,
  "strength": 5,
  "willpower": 5,
  "wisdom": 5,
}
`;

exports[`builds archer uber items can deal destroy 32s at max level 1`] = `
{
  "constitution": 8458,
  "dexterity": 779174,
  "intelligence": 8458,
  "luck": 8458,
  "strength": 8458,
  "willpower": 32494,
  "wisdom": 32494,
}
`;
